Ejercicio 8
DELL@DESKTOP-SEGV48L MINGW64 ~/desktop/DH/Peliculas
$ ls -R
.:
Accion/  Comedia/  Infantiles/  Romanticas/  Terror/

./Accion:
 Cars.jpg                  'El hexorcista.xls'
'Diario de una pasion.js'  'Smooth criminal.txt'

./Comedia:
 IT.xls         'Mision imposible.png'
 Madagaskar.js  'Orgullo y prejuicio.txt'

./Infantiles:
'El juego del miedo.xls'  'Rapido y furioso.pdf'
 Intenzamente.txt          Titanic.jpg

./Romanticas:
 Annabelle.js  'La mascara.js'  'Los vengadores.js'   Pocahontas.jpg

./Terror:
'La dama Y el bagavundo.png'  'We will rock you.js'
'Que paso ayer.pdf'           'Yo antes de ti.xls'

Ejercicio 9.a
DELL@DESKTOP-SEGV48L MINGW64 ~/desktop/DH
$ mkdir ./Peliculas/Accion Terror Comedia Romanticas Infantiles

Ejercicio 9.b
DELL@DESKTOP-SEGV48L MINGW64 ~/desktop/DH/Peliculas/Infantiles
$ touch Intenzamente.txt "El juego del miedo.xls" "Rapido y furioso.pdf" Titanic.jpg

Ejercicio 9.c
DELL@DESKTOP-SEGV48L MINGW64 ~/desktop/DH
$ mkdir ./Peliculas/Romanticas/Prueba

Ejercicio 9.d
DELL@DESKTOP-SEGV48L MINGW64 ~/desktop/DH/Peliculas/Romanticas
$ mkdir ../Accion/Prueba2


VSCode

Punto 3
DELL@DESKTOP-SEGV48L MINGW64 ~/Desktop/DH
$ mv ./Peliculas/Infantiles/Madagaskar.js ./Peliculas/Infan
tiles/Madagascar.js

Punto 4
DELL@DESKTOP-SEGV48L MINGW64 ~/Desktop/DH
$ rm ./Peliculas/Terror/"We will rock you.js"

Punto 5
DELL@DESKTOP-SEGV48L MINGW64 ~/Desktop/DH
$ touch ./Peliculas/Accion/Prueba2/noBorrar.js

Punto 6
DELL@DESKTOP-SEGV48L MINGW64 ~/Desktop/DH/Peliculas
$ mv ./Accion/Prueba2/noBorrar.js ./Romanticas/Prueba/

Punto 7
DELL@DESKTOP-SEGV48L MINGW64 ~/Desktop/DH
$ touch camada6.txt

Punto 8
DELL@DESKTOP-SEGV48L MINGW64 ~/Desktop/DH/Peliculas
$ mv ./Terror/IT.xls ./Infantiles

Punto 9
DELL@DESKTOP-SEGV48L MINGW64 ~/Desktop/DH/Peliculas
$ rm ../camada6.txt

Punto 10
DELL@DESKTOP-SEGV48L MINGW64 ~/Desktop/DH/Peliculas
$ rm -r ./Romanticas/Prueba


